// Jest Snapshot v1, https://goo.gl/fbAQLP

exports[`movieList Component movieList snapshot test 1`] = `
<div
  className="cards"
/>
`;
