// Jest Snapshot v1, https://goo.gl/fbAQLP

exports[`TrailerModal Component TrailerModal snapshot test 1`] = `
<div
  className="modal"
>
  <div
    className="modal__content"
  >
    <iframe
      frameBorder="0"
      height="450px"
      title="trailer"
      width="100%"
    />
  </div>
  <svg
    aria-hidden={true}
    className="MuiSvgIcon-root MuiSvgIcon-fontSizeMedium makeStyles-close-1 css-i4bv87-MuiSvgIcon-root"
    data-testid="CloseIcon"
    focusable="false"
    onClick={[Function]}
    viewBox="0 0 24 24"
  >
    <path
      d="M19 6.41 17.59 5 12 10.59 6.41 5 5 6.41 10.59 12 5 17.59 6.41 19 12 13.41 17.59 19 19 17.59 13.41 12z"
    />
  </svg>
</div>
`;
