// Jest Snapshot v1, https://goo.gl/fbAQLP

exports[`Details Component Details snapshot test 1`] = `
<div
  className="details"
>
  <div
    className="header_styles"
  >
    <a
      href="/"
      onClick={[Function]}
    >
      <div
        className="header_content"
      >
        <h1>
          Films
        </h1>
        <div>
          <input
            onChange={[Function]}
            placeholder="Search Films"
          />
          <svg
            aria-hidden={true}
            className="MuiSvgIcon-root MuiSvgIcon-fontSizeMedium css-i4bv87-MuiSvgIcon-root"
            data-testid="SearchOutlinedIcon"
            focusable="false"
            style={
              Object {
                "color": "#fff",
                "fontSize": "3em",
              }
            }
            viewBox="0 0 24 24"
          >
            <path
              d="M15.5 14h-.79l-.28-.27C15.41 12.59 16 11.11 16 9.5 16 5.91 13.09 3 9.5 3S3 5.91 3 9.5 5.91 16 9.5 16c1.61 0 3.09-.59 4.23-1.57l.27.28v.79l5 4.99L20.49 19l-4.99-5zm-6 0C7.01 14 5 11.99 5 9.5S7.01 5 9.5 5 14 7.01 14 9.5 11.99 14 9.5 14z"
            />
          </svg>
        </div>
      </div>
    </a>
  </div>
  <div
    className="background"
    style={
      Object {
        "backgroundImage": "url(null)",
      }
    }
  >
    <div
      className="background_content_background"
      style={
        Object {
          "backgroundImage": "url(https:://image.tmdb.org/t/p/original/undefined)",
        }
      }
    >
       
    </div>
    <div
      className="background_info"
    >
      <h1 />
      <div
        className="background_info_genres"
      />
      <p
        className="background_info_overview"
      />
      <div
        className="castTitle"
      >
        <h2>
          Cast
        </h2>
        <div
          className="cast"
        />
      </div>
    </div>
  </div>
  <div
    className="details_videoList"
  />
  <div
    className="details_similar"
  />
</div>
`;
