// Jest Snapshot v1, https://goo.gl/fbAQLP

exports[`MovieCard Component MovieCard snapshot test 1`] = `
<div
  className="card"
>
  <div
    className="card_side_front card_side "
  >
    <div
      className="card_pic"
      style={
        Object {
          "backgroundImage": "url(https:://image.tmdb.org/t/p/w500/undefined)",
        }
      }
    />
    <a
      href="/movie/undefined"
      onClick={[Function]}
    >
      <div
        className="card_description"
      >
        <div
          className="card_description_header"
        >
          <h3
            className="card_heading"
          />
          <p
            className="card_genre"
          >
            Adventure Comedy Family
          </p>
        </div>
        <button
          className="card_rating"
        />
      </div>
    </a>
  </div>
  <div
    className="card_side_back card_side"
  >
    <svg
      aria-hidden={true}
      className="MuiSvgIcon-root MuiSvgIcon-fontSizeMedium makeStyles-play-1 css-i4bv87-MuiSvgIcon-root"
      data-testid="PlayCircleFilledIcon"
      focusable="false"
      onClick={[Function]}
      viewBox="0 0 24 24"
    >
      <path
        d="M12 2C6.48 2 2 6.48 2 12s4.48 10 10 10 10-4.48 10-10S17.52 2 12 2zm-2 14.5v-9l6 4.5-6 4.5z"
      />
    </svg>
    <h3
      className="card_watch"
    >
      Watch Now
    </h3>
    <button
      className="card_btn"
      onClick={[Function]}
    >
      View Info
    </button>
  </div>
  <div
    className="detailSide"
  >
    <svg
      aria-hidden={true}
      className="MuiSvgIcon-root MuiSvgIcon-fontSizeMedium makeStyles-close-2 css-i4bv87-MuiSvgIcon-root"
      data-testid="CloseIcon"
      focusable="false"
      onClick={[Function]}
      viewBox="0 0 24 24"
    >
      <path
        d="M19 6.41 17.59 5 12 10.59 6.41 5 5 6.41 10.59 12 5 17.59 6.41 19 12 13.41 17.59 19 19 17.59 13.41 12z"
      />
    </svg>
    <div
      style={
        Object {
          "backgroundImage": "url(https:://image.tmdb.org/t/p/w500/undefined)",
          "height": "52rem",
        }
      }
    >
      <div
        className="content"
      >
        <div
          className="content_overlay"
        >
          <h3 />
          <p
            className="card_genre"
          >
            Adventure Comedy Family
          </p>
          <div
            className="overview_style"
          >
            <p
              className="overview"
            />
          </div>
          <button
            className="btn_overlay left"
            onClick={[Function]}
          >
            Watch Now
          </button>
          <a
            href="/movie/undefined"
            onClick={[Function]}
          >
            <button
              className="btn_overlay right"
              onClick={[Function]}
            >
              See Details
            </button>
          </a>
        </div>
      </div>
    </div>
  </div>
</div>
`;
